Microsoft Windows [Version 6.3.9600]
(c) 2013 Microsoft Corporation. All rights reserved.

C:\Users\Shan>pip install cvxopt --user
Downloading/unpacking cvxopt
  Downloading cvxopt-1.1.7.tar.gz (3.9MB): 3.9MB downloaded
  Running setup.py egg_info for package cvxopt

    warning: no previously-included files matching '.DS_Store' found under direc
tory '*'
    warning: no previously-included files matching '*~' found under directory '*
'
Installing collected packages: cvxopt
  Running setup.py install for cvxopt
    building 'base' extension
    C:\Program Files (x86)\Microsoft Visual Studio 9.0\VC\BIN\cl.exe /c /nologo
/Ox /MD /W3 /GS- /DNDEBUG -IC:\Python27\include -IC:\Python27\PC /Tcsrc/C/base.c
 /Fobuild\temp.win32-2.7\Release\src/C/base.obj
    base.c
    c:\users\shan\appdata\local\temp\pip_build_shan\cvxopt\src\c\cvxopt.h(31) :
fatal error C1083: Cannot open include file: 'complex.h': No such file or direct
ory
    error: command '"C:\Program Files (x86)\Microsoft Visual Studio 9.0\VC\BIN\c
l.exe"' failed with exit status 2
    Complete output from command C:\Python27\python.exe -c "import setuptools;__
file__='c:\\users\\shan\\appdata\\local\\temp\\pip_build_Shan\\cvxopt\\setup.py'
;exec(compile(open(__file__).read().replace('\r\n', '\n'), __file__, 'exec'))" i
nstall --record c:\users\shan\appdata\local\temp\pip-a8cksx-record\install-recor
d.txt --single-version-externally-managed --user:
    running install

running build

running build_py

creating build

creating build\lib.win32-2.7

creating build\lib.win32-2.7\cvxopt

copying src\python\coneprog.py -> build\lib.win32-2.7\cvxopt

copying src\python\cvxprog.py -> build\lib.win32-2.7\cvxopt

copying src\python\info.py -> build\lib.win32-2.7\cvxopt

copying src\python\misc.py -> build\lib.win32-2.7\cvxopt

copying src\python\modeling.py -> build\lib.win32-2.7\cvxopt

copying src\python\msk.py -> build\lib.win32-2.7\cvxopt

copying src\python\printing.py -> build\lib.win32-2.7\cvxopt

copying src\python\solvers.py -> build\lib.win32-2.7\cvxopt

copying src\python\__init__.py -> build\lib.win32-2.7\cvxopt

running build_ext

building 'base' extension

creating build\temp.win32-2.7

creating build\temp.win32-2.7\Release

creating build\temp.win32-2.7\Release\src

creating build\temp.win32-2.7\Release\src\C

C:\Program Files (x86)\Microsoft Visual Studio 9.0\VC\BIN\cl.exe /c /nologo /Ox
/MD /W3 /GS- /DNDEBUG -IC:\Python27\include -IC:\Python27\PC /Tcsrc/C/base.c /Fo
build\temp.win32-2.7\Release\src/C/base.obj

base.c

c:\users\shan\appdata\local\temp\pip_build_shan\cvxopt\src\c\cvxopt.h(31) : fata
l error C1083: Cannot open include file: 'complex.h': No such file or directory

error: command '"C:\Program Files (x86)\Microsoft Visual Studio 9.0\VC\BIN\cl.ex
e"' failed with exit status 2

----------------------------------------
Cleaning up...
Command C:\Python27\python.exe -c "import setuptools;__file__='c:\\users\\shan\\
appdata\\local\\temp\\pip_build_Shan\\cvxopt\\setup.py';exec(compile(open(__file
__).read().replace('\r\n', '\n'), __file__, 'exec'))" install --record c:\users\
shan\appdata\local\temp\pip-a8cksx-record\install-record.txt --single-version-ex
ternally-managed --user failed with error code 1 in c:\users\shan\appdata\local\
temp\pip_build_Shan\cvxopt
Storing complete log in C:\Users\Shan\pip\pip.log

C:\Users\Shan>pip install cvxopt
Downloading/unpacking cvxopt
  Downloading cvxopt-1.1.7.tar.gz (3.9MB): 3.9MB downloaded
  Running setup.py egg_info for package cvxopt

    warning: no previously-included files matching '.DS_Store' found under direc
tory '*'
    warning: no previously-included files matching '*~' found under directory '*
'
Installing collected packages: cvxopt
  Running setup.py install for cvxopt
    building 'base' extension
    C:\Program Files (x86)\Microsoft Visual Studio 9.0\VC\BIN\cl.exe /c /nologo
/Ox /MD /W3 /GS- /DNDEBUG -IC:\Python27\include -IC:\Python27\PC /Tcsrc/C/base.c
 /Fobuild\temp.win32-2.7\Release\src/C/base.obj
    base.c
    c:\users\shan\appdata\local\temp\pip_build_shan\cvxopt\src\c\cvxopt.h(31) :
fatal error C1083: Cannot open include file: 'complex.h': No such file or direct
ory
    error: command '"C:\Program Files (x86)\Microsoft Visual Studio 9.0\VC\BIN\c
l.exe"' failed with exit status 2
    Complete output from command C:\Python27\python.exe -c "import setuptools;__
file__='c:\\users\\shan\\appdata\\local\\temp\\pip_build_Shan\\cvxopt\\setup.py'
;exec(compile(open(__file__).read().replace('\r\n', '\n'), __file__, 'exec'))" i
nstall --record c:\users\shan\appdata\local\temp\pip-xw5job-record\install-recor
d.txt --single-version-externally-managed:
    running install

running build

running build_py

creating build

creating build\lib.win32-2.7

creating build\lib.win32-2.7\cvxopt

copying src\python\coneprog.py -> build\lib.win32-2.7\cvxopt

copying src\python\cvxprog.py -> build\lib.win32-2.7\cvxopt

copying src\python\info.py -> build\lib.win32-2.7\cvxopt

copying src\python\misc.py -> build\lib.win32-2.7\cvxopt

copying src\python\modeling.py -> build\lib.win32-2.7\cvxopt

copying src\python\msk.py -> build\lib.win32-2.7\cvxopt

copying src\python\printing.py -> build\lib.win32-2.7\cvxopt

copying src\python\solvers.py -> build\lib.win32-2.7\cvxopt

copying src\python\__init__.py -> build\lib.win32-2.7\cvxopt

running build_ext

building 'base' extension

creating build\temp.win32-2.7

creating build\temp.win32-2.7\Release

creating build\temp.win32-2.7\Release\src

creating build\temp.win32-2.7\Release\src\C

C:\Program Files (x86)\Microsoft Visual Studio 9.0\VC\BIN\cl.exe /c /nologo /Ox
/MD /W3 /GS- /DNDEBUG -IC:\Python27\include -IC:\Python27\PC /Tcsrc/C/base.c /Fo
build\temp.win32-2.7\Release\src/C/base.obj

base.c

c:\users\shan\appdata\local\temp\pip_build_shan\cvxopt\src\c\cvxopt.h(31) : fata
l error C1083: Cannot open include file: 'complex.h': No such file or directory

error: command '"C:\Program Files (x86)\Microsoft Visual Studio 9.0\VC\BIN\cl.ex
e"' failed with exit status 2

----------------------------------------
Cleaning up...
Command C:\Python27\python.exe -c "import setuptools;__file__='c:\\users\\shan\\
appdata\\local\\temp\\pip_build_Shan\\cvxopt\\setup.py';exec(compile(open(__file
__).read().replace('\r\n', '\n'), __file__, 'exec'))" install --record c:\users\
shan\appdata\local\temp\pip-xw5job-record\install-record.txt --single-version-ex
ternally-managed failed with error code 1 in c:\users\shan\appdata\local\temp\pi
p_build_Shan\cvxopt
Storing complete log in C:\Users\Shan\pip\pip.log

C:\Users\Shan>python
Python 2.7.6 (default, Nov 10 2013, 19:24:18) [MSC v.1500 32 bit (Intel)] on win
32
Type "help", "copyright", "credits" or "license" for more information.
>>> import scipy
>>> import scipy.io
>>> mat = scipy.io.loadmat('C:\Users\Shan\Documents\GitHub\\compressiveSensing\\sensingMatrix.mat')
>>> mat
{'A': array([[ 1000.,  1000.,  1000., ...,  1000.,  1000.,  1000.],
       [ 1000.,  1000.,  1000., ...,  1000.,  1000.,  1000.],
       [ 1000.,  1000.,  1000., ...,  1000.,  1000.,  1000.],
       ...,
       [ 1000.,  1000.,  1000., ...,  1000.,  1000.,  1000.],
       [ 1000.,  1000.,  1000., ...,  1000.,  1000.,  1000.],
       [ 1000.,  1000.,  1000., ...,  1000.,  1000.,  1000.]]), '__version__': '
1.0', '__header__': 'MATLAB 5.0 MAT-file Platform: nt, Created on: Mon Dec 15 16
:00:07 2014', '__globals__': []}
>>> import numpy as np
>>> from numpy import gettxt
Traceback (most recent call last):
  File "<stdin>", line 1, in <module>
ImportError: cannot import name gettxt
>>> from numpy import getfromtxt
Traceback (most recent call last):
  File "<stdin>", line 1, in <module>
ImportError: cannot import name getfromtxt
>>> from numpy import genfromtxt
>>> y = genfromtxt('C:\Users\Shan\Documents\GitHub\\compressiveSensing\\y_vector.csv')
>>> y
array(nan)
>>> y = genfromtxt('C:\Users\Shan\Documents\GitHub\\compressiveSensing\\y_vector.csv',delimiter=',')
>>> y
array([   0.        ,    0.        ,    0.        ,    0.        ,
          0.        ,    0.        ,    0.        ,    0.        ,
          0.        ,    6.9843595 ,    0.        ,    0.        ,
          0.        ,    0.        ,    0.        ,    0.        ,
          0.        ,    0.        ,    0.        ,    0.        ,
          0.        ,    0.        ,    0.        ,    0.        ,
          0.        ,    0.        ,    0.        ,   82.08835062,
          0.        ,    0.        ,    0.        ,    0.        ,
          0.        ,    0.        ,    0.        ,    0.        ,
          0.        ,    0.        ,    0.        ,    0.        ,
          0.        ,    0.        ,    0.        ,    0.        ,
          0.        ,    0.        ,    0.        ,    0.        ,
          0.        ,    0.        ,    0.        ,    0.        ,
          0.        ,    0.        ,    0.        ,    0.        ,
          0.        ,    0.        ,    0.        ,    0.        ,
          0.        ,    0.        ,    0.        ,    0.        ,
          0.        ,    0.        ,    0.        ,    0.        ,
          0.        ,    0.        ,    0.        ,    0.        ,
          0.        ,  177.09253562,    0.        ,    0.        ,
          0.        ,    0.        ,    0.        ,    0.        ,
        253.24372367,    0.        ,    0.        ,    0.        ,
          0.        ,    0.        ,  627.11845105,    0.        ,
          0.        ,    0.        ,    0.        ,    0.        ,
          0.        ,    0.        ,    0.        ,    0.        ,
          0.        ,    0.        ,    0.        ,    0.        ])
>>> scipy.sparse.linalg.lsqr(A,y)
Traceback (most recent call last):
  File "<stdin>", line 1, in <module>
AttributeError: 'module' object has no attribute 'linalg'
>>> scipy.version
<module 'scipy.version' from 'C:\Python27\lib\site-packages\scipy\version.pyc'>
>>> scipy.version.version
'0.14.0rc2'
>>>
KeyboardInterrupt
>>> scipy.version.vers
KeyboardInterrupt
>>>

C:\Users\Shan>pip install scipy
Requirement already satisfied (use --upgrade to upgrade): scipy in c:\python27\l
ib\site-packages
Cleaning up...

C:\Users\Shan>python
Python 2.7.6 (default, Nov 10 2013, 19:24:18) [MSC v.1500 32 bit (Intel)] on win
32
Type "help", "copyright", "credits" or "license" for more information.
>>> import scipy.sparse.linalg as lg
>>> lg.lsqr
<function lsqr at 0x04DA5B30>
>>>